// Jest Snapshot v1, https://goo.gl/fbAQLP

exports[`renders App.js correctly 1`] = `
<div>
  <header>
    <h1>
      Horned Beasts
    </h1>
  </header>
  <main>
    <section
      className="options"
    >
      <select
        className="image-keyword-filter"
        onChange={[Function]}
      >
        <option
          defaultValue={true}
          value=""
        >
          All Types
        </option>
        <option
          value="narwhal"
        >
          narwhal
        </option>
        <option
          value="rhino"
        >
          rhino
        </option>
        <option
          value="unicorn"
        >
          unicorn
        </option>
        <option
          value="unilego"
        >
          unilego
        </option>
        <option
          value="triceratops"
        >
          triceratops
        </option>
        <option
          value="markhor"
        >
          markhor
        </option>
        <option
          value="mouflon"
        >
          mouflon
        </option>
        <option
          value="chameleon"
        >
          chameleon
        </option>
        <option
          value="lizard"
        >
          lizard
        </option>
        <option
          value="dragon"
        >
          dragon
        </option>
      </select>
      <select
        className="image-horns-filter"
        onChange={[Function]}
      >
        <option
          defaultValue={true}
          value="test"
        >
          All Types
        </option>
        <option
          value="1"
        >
          1
        </option>
        <option
          value="2"
        >
          2
        </option>
        <option
          value="3"
        >
          3
        </option>
        <option
          value="100"
        >
          100
        </option>
      </select>
    </section>
    <section
      className="list-section"
    >
      <ul>
        <li
          class="images-item"
        >
          <div
            class="info-container"
          >
            <h2>
              UniWhal
            </h2>
            <p
              class="images-description"
            >
              $
              A unicorn and a narwhal nuzzling their horns
            </p>
          </div>
          <div
            class="images-container"
          >
            <img
              alt="UniWhal"
              src="http://3.bp.blogspot.com/_DBYF1AdFaHw/TE-f0cDQ24I/AAAAAAAACZg/l-FdTZ6M7z8/s1600/Unicorn_and_Narwhal_by_dinglehopper.jpg"
            />
          </div>
          <p
            class="horns"
          >
            1
          </p>
        </li>
        <li
          class="images-item"
        >
          <div
            class="info-container"
          >
            <h2>
              Rhino Family
            </h2>
            <p
              class="images-description"
            >
              $
              Mother (or father) rhino with two babies
            </p>
          </div>
          <div
            class="images-container"
          >
            <img
              alt="Rhino Family"
              src="https://images.unsplash.com/photo-1512636618879-bbe79107e9e3?ixlib=rb-0.3.5&ixid=eyJhcHBfaWQiOjEyMDd9&s=bd9460ee6d1ddbb6b1ca7be86dfc4590&auto=format&fit=crop&w=1825&q=80"
            />
          </div>
          <p
            class="horns"
          >
            2
          </p>
        </li>
        <li
          class="images-item"
        >
          <div
            class="info-container"
          >
            <h2>
              Unicorn Head
            </h2>
            <p
              class="images-description"
            >
              $
              Someone wearing a creepy unicorn head mask
            </p>
          </div>
          <div
            class="images-container"
          >
            <img
              alt="Unicorn Head"
              src="https://www.dhresource.com/0x0s/f2-albu-g5-M00-1A-11-rBVaI1hsIIiALxKzAAIHjSU3VkE490.jpg/wholesale-halloween-costume-prop-unicorn.jpg"
            />
          </div>
          <p
            class="horns"
          >
            1
          </p>
        </li>
        <li
          class="images-item"
        >
          <div
            class="info-container"
          >
            <h2>
              UniLego
            </h2>
            <p
              class="images-description"
            >
              $
              Lego figurine dressed in a unicorn outfit
            </p>
          </div>
          <div
            class="images-container"
          >
            <img
              alt="UniLego"
              src="https://images.unsplash.com/photo-1518946222227-364f22132616?ixlib=rb-0.3.5&ixid=eyJhcHBfaWQiOjEyMDd9&s=4836a6fca62e7dce9324346bacfde085&auto=format&fit=crop&w=2534&q=80"
            />
          </div>
          <p
            class="horns"
          >
            1
          </p>
        </li>
        <li
          class="images-item"
        >
          <div
            class="info-container"
          >
            <h2>
              Basically a unicorn
            </h2>
            <p
              class="images-description"
            >
              $
              A narwhal is basically a unicorn after all, right?
            </p>
          </div>
          <div
            class="images-container"
          >
            <img
              alt="Basically a unicorn"
              src="https://i.pinimg.com/736x/b4/61/06/b46106830b841017ea59870b27ec18dc--narwhals-a-unicorn.jpg"
            />
          </div>
          <p
            class="horns"
          >
            1
          </p>
        </li>
        <li
          class="images-item"
        >
          <div
            class="info-container"
          >
            <h2>
              #truth
            </h2>
            <p
              class="images-description"
            >
              $
              The truth behind narwhals
            </p>
          </div>
          <div
            class="images-container"
          >
            <img
              alt="#truth"
              src="https://i.pinimg.com/originals/16/cf/2a/16cf2a0b3fd51b9bee08bb6296193b75.jpg"
            />
          </div>
          <p
            class="horns"
          >
            1
          </p>
        </li>
        <li
          class="images-item"
        >
          <div
            class="info-container"
          >
            <h2>
              Baby Rhino
            </h2>
            <p
              class="images-description"
            >
              $
              This is actually a figurine but it looks kinda real
            </p>
          </div>
          <div
            class="images-container"
          >
            <img
              alt="Baby Rhino"
              src="https://secure.img1-ag.wfcdn.com/im/17007094/resize-h800%5Ecompr-r85/3589/35892451/Baby+Rhino+Figurine.jpg"
            />
          </div>
          <p
            class="horns"
          >
            2
          </p>
        </li>
        <li
          class="images-item"
        >
          <div
            class="info-container"
          >
            <h2>
              Cera
            </h2>
            <p
              class="images-description"
            >
              $
              Three horns but still, horns. And who doesn't like The Land Before Time?
            </p>
          </div>
          <div
            class="images-container"
          >
            <img
              alt="Cera"
              src="https://vignette.wikia.nocookie.net/landbeforetime/images/c/c3/Cera_infobox.png/revision/latest?cb=20180422005003"
            />
          </div>
          <p
            class="horns"
          >
            3
          </p>
        </li>
        <li
          class="images-item"
        >
          <div
            class="info-container"
          >
            <h2>
              Narwhal costume
            </h2>
            <p
              class="images-description"
            >
              $
              A woman wearing a blue narwhal costume
            </p>
          </div>
          <div
            class="images-container"
          >
            <img
              alt="Narwhal costume"
              src="https://ae01.alicdn.com/kf/HTB18GwSQVXXXXaZaXXXq6xXFXXXh/Animal-Cosplay-Costume-Narwhal-Onesie-Mens-Womens-Cartoon-Whale-Pajamas.jpg"
            />
          </div>
          <p
            class="horns"
          >
            1
          </p>
        </li>
        <li
          class="images-item"
        >
          <div
            class="info-container"
          >
            <h2>
              Rhino costume
            </h2>
            <p
              class="images-description"
            >
              $
              Mascots have to get their costumes somewhere
            </p>
          </div>
          <div
            class="images-container"
          >
            <img
              alt="Rhino costume"
              src="https://www.shopmascot.com/image/cache/mascotnew/new196-800x800.jpg"
            />
          </div>
          <p
            class="horns"
          >
            2
          </p>
        </li>
        <li
          class="images-item"
        >
          <div
            class="info-container"
          >
            <h2>
              Believe
            </h2>
            <p
              class="images-description"
            >
              $
              I believe in unicorns, do you?
            </p>
          </div>
          <div
            class="images-container"
          >
            <img
              alt="Believe"
              src="https://www.tinselbox.com/wp-content/uploads/2018/03/I-BELIEVE-IN-UNICORNS-FREE-PRINTABLE-WATERCOLOR-7-of-1.jpg"
            />
          </div>
          <p
            class="horns"
          >
            1
          </p>
        </li>
        <li
          class="images-item"
        >
          <div
            class="info-container"
          >
            <h2>
              Markhor
            </h2>
            <p
              class="images-description"
            >
              $
              These wild goats eat snakes, then secrete a foam that locals fight over for the antivenom properties -- how cool is that?
            </p>
          </div>
          <div
            class="images-container"
          >
            <img
              alt="Markhor"
              src="https://upload.wikimedia.org/wikipedia/commons/thumb/3/38/Markhor_Schraubenziege_Capra_falconeri_Zoo_Augsburg-02.jpg/220px-Markhor_Schraubenziege_Capra_falconeri_Zoo_Augsburg-02.jpg"
            />
          </div>
          <p
            class="horns"
          >
            2
          </p>
        </li>
        <li
          class="images-item"
        >
          <div
            class="info-container"
          >
            <h2>
              Baby markhor
            </h2>
            <p
              class="images-description"
            >
              $
              Even the babies are adorable
            </p>
          </div>
          <div
            class="images-container"
          >
            <img
              alt="Baby markhor"
              src="http://www.zooborns.com/.a/6a010535647bf3970b0223c84d5959200c-800wi"
            />
          </div>
          <p
            class="horns"
          >
            2
          </p>
        </li>
        <li
          class="images-item"
        >
          <div
            class="info-container"
          >
            <h2>
              Mouflon
            </h2>
            <p
              class="images-description"
            >
              $
              Those horns though
            </p>
          </div>
          <div
            class="images-container"
          >
            <img
              alt="Mouflon"
              src="https://cdn.modernfarmer.com/wp-content/uploads/2014/08/28476658_9c97f35096_o.jpg"
            />
          </div>
          <p
            class="horns"
          >
            2
          </p>
        </li>
        <li
          class="images-item"
        >
          <div
            class="info-container"
          >
            <h2>
              Addax
            </h2>
            <p
              class="images-description"
            >
              $
              This guy is basically extinct but survives well in captivity, so they're frequently found in zoos
            </p>
          </div>
          <div
            class="images-container"
          >
            <img
              alt="Addax"
              src="https://cdn.modernfarmer.com/wp-content/uploads/2014/08/addax.jpg"
            />
          </div>
          <p
            class="horns"
          >
            2
          </p>
        </li>
        <li
          class="images-item"
        >
          <div
            class="info-container"
          >
            <h2>
              Baby mouflon
            </h2>
            <p
              class="images-description"
            >
              $
              The cuteness that is a baby mouflon asleep
            </p>
          </div>
          <div
            class="images-container"
          >
            <img
              alt="Baby mouflon"
              src="https://cbsnews3.cbsistatic.com/hub/i/r/2013/03/05/5b414225-a645-11e2-a3f0-029118418759/thumbnail/620x350/2d4cf24685b45c22912e64d2004fec8d/Baby_Mouflon_Wild_Sheep.jpg"
            />
          </div>
          <p
            class="horns"
          >
            2
          </p>
        </li>
        <li
          class="images-item"
        >
          <div
            class="info-container"
          >
            <h2>
              Happy Jackson's Chameleon
            </h2>
            <p
              class="images-description"
            >
              $
              These are really common in Hawaii
            </p>
          </div>
          <div
            class="images-container"
          >
            <img
              alt="Happy Jackson's Chameleon"
              src="https://cdn.modernfarmer.com/wp-content/uploads/2014/08/chameleon.jpg"
            />
          </div>
          <p
            class="horns"
          >
            2
          </p>
        </li>
        <li
          class="images-item"
        >
          <div
            class="info-container"
          >
            <h2>
              Serious Jackson's Chameleon
            </h2>
            <p
              class="images-description"
            >
              $
              This one is very serious.
            </p>
          </div>
          <div
            class="images-container"
          >
            <img
              alt="Serious Jackson's Chameleon"
              src="https://imgc.allpostersimages.com/img/print/posters/dlillc-jackson-s-chameleon_a-G-13448768-14258384.jpg"
            />
          </div>
          <p
            class="horns"
          >
            3
          </p>
        </li>
        <li
          class="images-item"
        >
          <div
            class="info-container"
          >
            <h2>
              Horned Lizard
            </h2>
            <p
              class="images-description"
            >
              $
              Fave food: ants
            </p>
          </div>
          <div
            class="images-container"
          >
            <img
              alt="Horned Lizard"
              src="https://www.nps.gov/band/learn/nature/images/short-horned-lizard-open-mouth-18.jpg?maxwidth=650&autorotate=false"
            />
          </div>
          <p
            class="horns"
          >
            100
          </p>
        </li>
        <li
          class="images-item"
        >
          <div
            class="info-container"
          >
            <h2>
              Smaug
            </h2>
            <p
              class="images-description"
            >
              $
              Fan illustration of Smaug from 'The Hobbit'
            </p>
          </div>
          <div
            class="images-container"
          >
            <img
              alt="Smaug"
              src="https://upload.wikimedia.org/wikipedia/commons/thumb/d/df/Smaug_par_David_Demaret.jpg/290px-Smaug_par_David_Demaret.jpg"
            />
          </div>
          <p
            class="horns"
          >
            100
          </p>
        </li>
      </ul>
    </section>
  </main>
</div>
`;
